// Jest Snapshot v1, https://goo.gl/fbAQLP

exports[`About component renders About by default 1`] = `
<section
  className="about"
>
  <h2
    className="rs-title"
  >
    Welcome to the recipe sharing app!
  </h2>
  <span
    className="status "
  />
  <p
    className="note"
  >
    You can view recipes added by other users, or add and view your own recipes.
  </p>
  <p
    className="note"
  >
    Go to 'Add Recipe' to add a recipe with a name, information, ingredients, and instructions.
  </p>
  <p
    className="note"
  >
    Go to 'My Recipes' to view your recipes. If you click on the name of your recipe, you'll be led to your recipe's page. You'll see a button to edit the recipe if you are the author. When you're on the editting page you can update or delete your recipe.
  </p>
  <p
    className="note"
  >
    You'll need to create an account to add, edit, or delete a recipe and access a list of your recipes.
  </p>
  <p
    className="note"
  >
    With the demo account, you won't able to do these things, but you can see what it's like to have an account and view differences in features available.
  </p>
  <p
    className="note"
  >
    You can view recipes by clicking 'Recipe Sharing' at the top, which is available to both visitors and users.
  </p>
  <div>
    <button
      className="rs-btn rs-btn-light mt-2 mr-1"
      onClick={[Function]}
    >
       Sign Up
    </button>
    <button
      className="rs-btn rs-btn-light mt-2"
      onClick={[Function]}
    >
       Demo
    </button>
  </div>
</section>
`;
