// Jest Snapshot v1, https://goo.gl/fbAQLP

exports[`Start component renders Start by default 1`] = `
<section
  className="start"
>
  <h2
    className="rs-title"
  >
    Create an account, or use the demo account.
  </h2>
  <p>
    You'll need to create an account or use the demo account (a shared account) to start making logs.
  </p>
  <p>
    With your own account you can create projects to store logs in. With the demo account, you won't be able to make new projects or update account settings, but you can use the rest of the features.
  </p>
  <span
    className="status "
  />
  <div>
    <button
      className="rs-btn rs-btn-light mt-2 mr-1"
      onClick={[Function]}
    >
       Sign Up
    </button>
    <button
      className="rs-btn rs-btn-light mt-2"
      onClick={[Function]}
    >
       Demo
    </button>
  </div>
</section>
`;
