// Jest Snapshot v1, https://goo.gl/fbAQLP

exports[`RecipeInput component renders RecipeInput by default 1`] = `""`;
