// Jest Snapshot v1, https://goo.gl/fbAQLP

exports[`Login component renders Login by default 1`] = `
<withRouter(LoginForm)
  onSuccess={[Function]}
/>
`;
