// Jest Snapshot v1, https://goo.gl/fbAQLP

exports[`LoginForm component renders LoginForm by default 1`] = `
<ContextConsumer>
  <Component />
</ContextConsumer>
`;
