// Jest Snapshot v1, https://goo.gl/fbAQLP

exports[`AccountInput component renders AccountInput by default 1`] = `
<fieldset
  className="account-input"
  form=""
  name=""
>
  <div
    className="main-input"
  >
    <label
      className="input-label"
      htmlFor=""
    >
       
      :
      <span
        className="hint"
      />
    </label>
    <input
      aria-describedby="-error-message"
      aria-invalid={false}
      aria-required="true"
      id=""
      name=""
      onChange={[Function]}
      type=""
    />
  </div>
</fieldset>
`;
