// Jest Snapshot v1, https://goo.gl/fbAQLP

exports[`App component renders App by default 1`] = `
<Fragment>
  <Header />
  <main
    className="App"
  >
    <Switch>
      <Route
        component={[Function]}
        exact={true}
        path="/"
      />
      <Route
        component={[Function]}
        path="/about"
      />
      <PrivateRoute
        component={[Function]}
        path="/recipes/add"
      />
      <PrivateRoute
        component={[Function]}
        path="/recipes/:recipeId/edit"
      />
      <Route
        component={[Function]}
        path="/recipes/:recipeId"
      />
      <PublicOnlyRoute
        component={[Function]}
        path="/sign-up"
      />
      <PublicOnlyRoute
        component={[Function]}
        path="/login"
      />
      <PrivateRoute
        component={[Function]}
        path="/users/:userId/recipes"
      />
      <PrivateRoute
        component={[Function]}
        path="/settings"
      />
      <Route
        component={[Function]}
      />
    </Switch>
  </main>
</Fragment>
`;
