// Jest Snapshot v1, https://goo.gl/fbAQLP

exports[`RecipeForm component renders RecipeForm by default 1`] = `
<ContextConsumer>
  <Component />
</ContextConsumer>
`;
